--------------------------------------------------------------------------------
Release 14.7 Trace  (nt)
Copyright (c) 1995-2013 Xilinx, Inc.  All rights reserved.

C:\Xilinx\14.7\ISE_DS\ISE\bin\nt\unwrapped\trce.exe -intstyle ise -v 3 -s 4 -n
3 -fastpaths -xml test.twx test.ncd -o test.twr test.pcf -ucf test.ucf

Design file:              test.ncd
Physical constraint file: test.pcf
Device,package,speed:     xc3s500e,fg320,-4 (PRODUCTION 1.27 2013-10-13)
Report level:             verbose report

Environment Variable      Effect 
--------------------      ------ 
NONE                      No environment variables were set
--------------------------------------------------------------------------------

INFO:Timing:2698 - No timing constraints found, doing default enumeration.
INFO:Timing:3412 - To improve timing, see the Timing Closure User Guide (UG612).
INFO:Timing:2752 - To get complete path coverage, use the unconstrained paths 
   option. All paths that are not constrained will be reported in the 
   unconstrained paths section(s) of the report.
INFO:Timing:3339 - The clock-to-out numbers in this timing report are based on 
   a 50 Ohm transmission line loading model.  For the details of this model, 
   and for more information on accounting for different loading conditions, 
   please see the device datasheet.
INFO:Timing:3390 - This architecture does not support a default System Jitter 
   value, please add SYSTEM_JITTER constraint to the UCF to modify the Clock 
   Uncertainty calculation.
INFO:Timing:3389 - This architecture does not support 'Discrete Jitter' and 
   'Phase Error' calculations, these terms will be zero in the Clock 
   Uncertainty calculation.  Please make appropriate modification to 
   SYSTEM_JITTER to account for the unsupported Discrete Jitter and Phase 
   Error.



Data Sheet report:
-----------------
All values displayed in nanoseconds (ns)

Pad to Pad
---------------+---------------+---------+
Source Pad     |Destination Pad|  Delay  |
---------------+---------------+---------+
CLK_50MHZ      |S1             |    6.916|
CLK_50MHZ      |S2             |    6.887|
CLK_50MHZ      |sa             |   15.050|
CLK_50MHZ      |sb             |   16.004|
CLK_50MHZ      |sc             |   15.016|
CLK_50MHZ      |sd             |   15.328|
CLK_50MHZ      |se             |   14.846|
CLK_50MHZ      |sf             |   15.186|
CLK_50MHZ      |sg             |   14.656|
N1             |sa             |   16.532|
N1             |sb             |   17.486|
N1             |sc             |   16.597|
N1             |sd             |   16.810|
N1             |se             |   16.607|
N1             |sf             |   16.947|
N1             |sg             |   16.138|
N2             |sa             |   16.184|
N2             |sb             |   17.138|
N2             |sc             |   15.974|
N2             |sd             |   16.462|
N2             |se             |   15.980|
N2             |sf             |   16.320|
N2             |sg             |   15.790|
ia             |sa             |   16.348|
ia             |sb             |   17.302|
ia             |sc             |   16.876|
ia             |sd             |   17.095|
ia             |se             |   17.134|
ia             |sf             |   17.474|
ia             |sg             |   16.329|
ib             |sa             |   16.172|
ib             |sb             |   17.126|
ib             |sc             |   16.648|
ib             |sd             |   16.364|
ib             |se             |   16.449|
ib             |sf             |   16.622|
ib             |sg             |   16.184|
ic             |sa             |   15.757|
ic             |sb             |   16.711|
ic             |sc             |   15.528|
ic             |sd             |   16.243|
ic             |se             |   16.069|
ic             |sf             |   16.409|
ic             |sg             |   15.537|
id             |sa             |   16.800|
id             |sb             |   17.754|
id             |sc             |   16.590|
id             |sd             |   17.078|
id             |se             |   16.596|
id             |sf             |   16.936|
id             |sg             |   16.406|
---------------+---------------+---------+


Analysis completed Thu Oct 26 14:23:27 2023 
--------------------------------------------------------------------------------

Trace Settings:
-------------------------
Trace Settings 

Peak Memory Usage: 139 MB



