EN ild_mxilinx_test NULL C:/Users/Family/Desktop/logica/test/test.vhf sub00/vhpl06 1698283004
AR ild_mxilinx_test behavioral C:/Users/Family/Desktop/logica/test/test.vhf sub00/vhpl07 1698283005
EN ild4_mxilinx_test NULL C:/Users/Family/Desktop/logica/test/test.vhf sub00/vhpl08 1698283006
AR ild4_mxilinx_test behavioral C:/Users/Family/Desktop/logica/test/test.vhf sub00/vhpl09 1698283007
AR ld4_mxilinx_test behavioral C:/Users/Family/Desktop/logica/test/test.vhf sub00/vhpl05 1698283003
AR and6_mxilinx_test behavioral C:/Users/Family/Desktop/logica/test/test.vhf sub00/vhpl03 1698299275
EN and6_mxilinx_test NULL C:/Users/Family/Desktop/logica/test/test.vhf sub00/vhpl02 1698299274
EN ld4_mxilinx_test NULL C:/Users/Family/Desktop/logica/test/test.vhf sub00/vhpl04 1698283002
EN test NULL C:/Users/Family/Desktop/logica/test/test.vhf sub00/vhpl00 1698299276
AR test behavioral C:/Users/Family/Desktop/logica/test/test.vhf sub00/vhpl01 1698299277
