AR cb4re_mxilinx_timer behavioral C:/Users/Admin/Desktop/logica/logicaDigital/timing/timer.vhf sub00/vhpl19 1700719050
EN cb4re_mxilinx_timer NULL C:/Users/Admin/Desktop/logica/logicaDigital/timing/timer.vhf sub00/vhpl18 1700719049
AR and6_mxilinx_timer behavioral C:/Users/Family/Desktop/logica/logicaDigital/timing/timer.vhf sub00/vhpl15 1700081412
AR ftclex_mxilinx_timer behavioral C:/Users/Admin/Desktop/logica/logicaDigital/timing/timer.vhf sub00/vhpl11 1700719056
EN ftrse_mxilinx_timer NULL C:/Users/Admin/Desktop/logica/logicaDigital/timing/timer.vhf sub00/vhpl16 1700719047
EN ftclex_mxilinx_timer NULL C:/Users/Admin/Desktop/logica/logicaDigital/timing/timer.vhf sub00/vhpl10 1700719055
AR and7_mxilinx_timer behavioral C:/Users/Admin/Desktop/logica/logicaDigital/timing/timer.vhf sub00/vhpl21 1700719046
EN and6_mxilinx_timer NULL C:/Users/Family/Desktop/logica/logicaDigital/timing/timer.vhf sub00/vhpl14 1700081411
EN digi_clk NULL C:/Users/Admin/Desktop/logica/logicaDigital/timing/digi_clk.vhd sub00/vhpl00 1700719041
EN m2_1b1_mxilinx_timer NULL C:/Users/Admin/Desktop/logica/logicaDigital/timing/timer.vhf sub00/vhpl06 1700719051
AR ftrse_mxilinx_timer behavioral C:/Users/Admin/Desktop/logica/logicaDigital/timing/timer.vhf sub00/vhpl17 1700719048
EN cb4cled_mxilinx_timer NULL C:/Users/Admin/Desktop/logica/logicaDigital/timing/timer.vhf sub00/vhpl12 1700719057
EN dec_cc4_mxilinx_timer NULL C:/Users/Family/Desktop/logica/logicaDigital/timing/timer.vhf sub00/vhpl22 1700163705
AR digi_clk behavioral C:/Users/Admin/Desktop/logica/logicaDigital/timing/digi_clk.vhd sub00/vhpl01 1700719042
EN and7_mxilinx_timer NULL C:/Users/Admin/Desktop/logica/logicaDigital/timing/timer.vhf sub00/vhpl20 1700719045
EN m2_1_mxilinx_timer NULL C:/Users/Admin/Desktop/logica/logicaDigital/timing/timer.vhf sub00/vhpl08 1700719053
AR m2_1_mxilinx_timer behavioral C:/Users/Admin/Desktop/logica/logicaDigital/timing/timer.vhf sub00/vhpl09 1700719054
AR timer behavioral C:/Users/Admin/Desktop/logica/logicaDigital/timing/timer.vhf sub00/vhpl03 1700719060
AR m2_1b1_mxilinx_timer behavioral C:/Users/Admin/Desktop/logica/logicaDigital/timing/timer.vhf sub00/vhpl07 1700719052
AR cb4cled_mxilinx_timer behavioral C:/Users/Admin/Desktop/logica/logicaDigital/timing/timer.vhf sub00/vhpl13 1700719058
AR dec_cc4_mxilinx_timer behavioral C:/Users/Family/Desktop/logica/logicaDigital/timing/timer.vhf sub00/vhpl23 1700163706
AR decoderbcd4to7segments arch C:/Users/Admin/Desktop/logica/logicaDigital/timing/decoderBCD4to7segments.vhd sub00/vhpl05 1700719044
EN decoderbcd4to7segments NULL C:/Users/Admin/Desktop/logica/logicaDigital/timing/decoderBCD4to7segments.vhd sub00/vhpl04 1700719043
EN timer NULL C:/Users/Admin/Desktop/logica/logicaDigital/timing/timer.vhf sub00/vhpl02 1700719059
