AR cb4re_mxilinx_timer behavioral C:/Users/Admin/Desktop/logica/logicaDigital/timing/timer.vhf sub00/vhpl19 1700720750
EN cb4re_mxilinx_timer NULL C:/Users/Admin/Desktop/logica/logicaDigital/timing/timer.vhf sub00/vhpl18 1700720749
AR and6_mxilinx_timer behavioral C:/Users/Family/Desktop/logica/logicaDigital/timing/timer.vhf sub00/vhpl15 1700081412
AR ftclex_mxilinx_timer behavioral C:/Users/Admin/Desktop/logica/logicaDigital/timing/timer.vhf sub00/vhpl11 1700720756
EN ftrse_mxilinx_timer NULL C:/Users/Admin/Desktop/logica/logicaDigital/timing/timer.vhf sub00/vhpl16 1700720747
EN ftclex_mxilinx_timer NULL C:/Users/Admin/Desktop/logica/logicaDigital/timing/timer.vhf sub00/vhpl10 1700720755
AR and7_mxilinx_timer behavioral C:/Users/Admin/Desktop/logica/logicaDigital/timing/timer.vhf sub00/vhpl21 1700720746
EN and6_mxilinx_timer NULL C:/Users/Family/Desktop/logica/logicaDigital/timing/timer.vhf sub00/vhpl14 1700081411
EN digi_clk NULL C:/Users/Admin/Desktop/logica/logicaDigital/timing/digi_clk.vhd sub00/vhpl00 1700720741
EN m2_1b1_mxilinx_timer NULL C:/Users/Admin/Desktop/logica/logicaDigital/timing/timer.vhf sub00/vhpl06 1700720751
AR ftrse_mxilinx_timer behavioral C:/Users/Admin/Desktop/logica/logicaDigital/timing/timer.vhf sub00/vhpl17 1700720748
EN cb4cled_mxilinx_timer NULL C:/Users/Admin/Desktop/logica/logicaDigital/timing/timer.vhf sub00/vhpl12 1700720757
EN dec_cc4_mxilinx_timer NULL C:/Users/Family/Desktop/logica/logicaDigital/timing/timer.vhf sub00/vhpl22 1700163705
AR digi_clk behavioral C:/Users/Admin/Desktop/logica/logicaDigital/timing/digi_clk.vhd sub00/vhpl01 1700720742
EN and7_mxilinx_timer NULL C:/Users/Admin/Desktop/logica/logicaDigital/timing/timer.vhf sub00/vhpl20 1700720745
EN m2_1_mxilinx_timer NULL C:/Users/Admin/Desktop/logica/logicaDigital/timing/timer.vhf sub00/vhpl08 1700720753
AR m2_1_mxilinx_timer behavioral C:/Users/Admin/Desktop/logica/logicaDigital/timing/timer.vhf sub00/vhpl09 1700720754
AR timer behavioral C:/Users/Admin/Desktop/logica/logicaDigital/timing/timer.vhf sub00/vhpl03 1700720760
AR m2_1b1_mxilinx_timer behavioral C:/Users/Admin/Desktop/logica/logicaDigital/timing/timer.vhf sub00/vhpl07 1700720752
AR cb4cled_mxilinx_timer behavioral C:/Users/Admin/Desktop/logica/logicaDigital/timing/timer.vhf sub00/vhpl13 1700720758
AR dec_cc4_mxilinx_timer behavioral C:/Users/Family/Desktop/logica/logicaDigital/timing/timer.vhf sub00/vhpl23 1700163706
AR decoderbcd4to7segments arch C:/Users/Admin/Desktop/logica/logicaDigital/timing/decoderBCD4to7segments.vhd sub00/vhpl05 1700720744
EN decoderbcd4to7segments NULL C:/Users/Admin/Desktop/logica/logicaDigital/timing/decoderBCD4to7segments.vhd sub00/vhpl04 1700720743
EN timer NULL C:/Users/Admin/Desktop/logica/logicaDigital/timing/timer.vhf sub00/vhpl02 1700720759
