AR ftclex_mxilinx_timer behavioral C:/Users/1110362035/Desktop/logicaDigital-main/logicaDigital-main/timing/timer.vhf sub00/vhpl11 1699565975
EN ftclex_mxilinx_timer NULL C:/Users/1110362035/Desktop/logicaDigital-main/logicaDigital-main/timing/timer.vhf sub00/vhpl10 1699565974
EN digi_clk NULL C:/Users/1110362035/Desktop/logicaDigital-main/logicaDigital-main/timing/digi_clk.vhd sub00/vhpl00 1699565966
EN m2_1b1_mxilinx_timer NULL C:/Users/1110362035/Desktop/logicaDigital-main/logicaDigital-main/timing/timer.vhf sub00/vhpl06 1699565970
EN cb4cled_mxilinx_timer NULL C:/Users/1110362035/Desktop/logicaDigital-main/logicaDigital-main/timing/timer.vhf sub00/vhpl12 1699565976
AR digi_clk behavioral C:/Users/1110362035/Desktop/logicaDigital-main/logicaDigital-main/timing/digi_clk.vhd sub00/vhpl01 1699565967
EN m2_1_mxilinx_timer NULL C:/Users/1110362035/Desktop/logicaDigital-main/logicaDigital-main/timing/timer.vhf sub00/vhpl08 1699565972
AR m2_1_mxilinx_timer behavioral C:/Users/1110362035/Desktop/logicaDigital-main/logicaDigital-main/timing/timer.vhf sub00/vhpl09 1699565973
AR timer behavioral C:/Users/1110362035/Desktop/logicaDigital-main/logicaDigital-main/timing/timer.vhf sub00/vhpl03 1699565979
AR m2_1b1_mxilinx_timer behavioral C:/Users/1110362035/Desktop/logicaDigital-main/logicaDigital-main/timing/timer.vhf sub00/vhpl07 1699565971
AR cb4cled_mxilinx_timer behavioral C:/Users/1110362035/Desktop/logicaDigital-main/logicaDigital-main/timing/timer.vhf sub00/vhpl13 1699565977
AR decoderbcd4to7segments arch C:/Users/1110362035/Desktop/logicaDigital-main/logicaDigital-main/timing/decoderBCD4to7segments.vhd sub00/vhpl05 1699565969
EN decoderbcd4to7segments NULL C:/Users/1110362035/Desktop/logicaDigital-main/logicaDigital-main/timing/decoderBCD4to7segments.vhd sub00/vhpl04 1699565968
EN timer NULL C:/Users/1110362035/Desktop/logicaDigital-main/logicaDigital-main/timing/timer.vhf sub00/vhpl02 1699565978
