EN or6_mxilinx_reto NULL C:/Users/Admin/Desktop/logica/logicaDigital/retosegmentos/reto.vhf sub00/vhpl02 1698012541
AR or6_mxilinx_reto behavioral C:/Users/Admin/Desktop/logica/logicaDigital/retosegmentos/reto.vhf sub00/vhpl03 1698012542
AR reto behavioral C:/Users/Admin/Desktop/logica/logicaDigital/retosegmentos/reto.vhf sub00/vhpl01 1698012544
EN reto NULL C:/Users/Admin/Desktop/logica/logicaDigital/retosegmentos/reto.vhf sub00/vhpl00 1698012543
