EN or6_mxilinx_reto NULL C:/Users/Family/Desktop/logica/logicaDigital/retosegmentos/reto.vhf sub00/vhpl02 1698174007
AR or6_mxilinx_reto behavioral C:/Users/Family/Desktop/logica/logicaDigital/retosegmentos/reto.vhf sub00/vhpl03 1698174008
AR reto behavioral C:/Users/Family/Desktop/logica/logicaDigital/retosegmentos/reto.vhf sub00/vhpl01 1698174010
EN reto NULL C:/Users/Family/Desktop/logica/logicaDigital/retosegmentos/reto.vhf sub00/vhpl00 1698174009
