EN or6_mxilinx_reto NULL C:/Users/Family/Desktop/logica/retosegmentos/reto.vhf sub00/vhpl02 1697754148
AR or6_mxilinx_reto behavioral C:/Users/Family/Desktop/logica/retosegmentos/reto.vhf sub00/vhpl03 1697754149
AR reto behavioral C:/Users/Family/Desktop/logica/retosegmentos/reto.vhf sub00/vhpl01 1697754151
EN reto NULL C:/Users/Family/Desktop/logica/retosegmentos/reto.vhf sub00/vhpl00 1697754150
