V3 8
FL C:/Users/Family/Desktop/logica/logicaDigital/mux/mux.vhf 2023/10/26.15:17:22 P.20131013
EN work/mux 1698351446 \
      FL C:/Users/Family/Desktop/logica/logicaDigital/mux/mux.vhf \
      PB ieee/std_logic_1164 1381692176 PB ieee/NUMERIC_STD 1381692181 LB UNISIM \
      PH unisim/VCOMPONENTS 1381692182
AR work/mux/BEHAVIORAL 1698351447 \
      FL C:/Users/Family/Desktop/logica/logicaDigital/mux/mux.vhf EN work/mux 1698351446 \
      CP AND2 CP INV
